
> doctor-appointmnet@0.1.0 build
> next build

Ôû▓ Next.js 16.1.6 (Turbopack)

  Creating an optimized production build ...
node.exe : Error: Cannot apply unknown utility 
class `bg-black-800`
At C:\Program Files\nodejs\npm.ps1:29 char:3
+   & $NODE_EXE $NPM_CLI_JS $args
+   ~~~~~~~~~~~~~~~~~~~~~~~~~~~~~
    + CategoryInfo          : NotSpecified: (Er 
   ror: Cannot a... `bg-black-800`:String) [],  
   RemoteException
    + FullyQualifiedErrorId : NativeCommandErro 
   r
 
    [2m[at onInvalidCandidate (C:\Users\atayy\D
esktop\doctor-appointmnet\node_modules\tailwindc
ss\dist\lib.js:21:1511)][0m
    [2m[at Ee (C:\Users\atayy\Desktop\doctor-ap
pointmnet\node_modules\tailwindcss\dist\lib.js:1
6:37066)][0m
    [2m[at C:\Users\atayy\Desktop\doctor-appoin
tmnet\node_modules\tailwindcss\dist\lib.js:21:35
5][0m
    [2m[at Pr (C:\Users\atayy\Desktop\doctor-ap
pointmnet\node_modules\tailwindcss\dist\lib.js:3
:1733)][0m
    [2m[at _ (C:\Users\atayy\Desktop\doctor-app
ointmnet\node_modules\tailwindcss\dist\lib.js:3:
1377)][0m
    [2m[at Te (C:\Users\atayy\Desktop\doctor-ap
pointmnet\node_modules\tailwindcss\dist\lib.js:2
1:172)][0m
    [2m[at pn (C:\Users\atayy\Desktop\doctor-ap
pointmnet\node_modules\tailwindcss\dist\lib.js:3
8:294)][0m
    [2m[at async dn (C:\Users\atayy\Desktop\doc
tor-appointmnet\node_modules\tailwindcss\dist\li
b.js:38:631)][0m
    [2m[at async Xr (C:\Users\atayy\Desktop\doc
tor-appointmnet\node_modules\@tailwindcss\node\d
ist\index.js:10:3417)][0m
    [2m[at async N (C:\Users\atayy\Desktop\doct
or-appointmnet\node_modules\@tailwindcss\postcss
\dist\index.js:10:3979)][0m
    [2m[at async Object.Once (C:\Users\atayy\De
sktop\doctor-appointmnet\node_modules\@tailwindc
ss\postcss\dist\index.js:10:4251)][0m
    [2mat async LazyResult.runAsync (node_modul
es/postcss/lib/lazy-result.js:293:11) [C:\Users\
atayy\Desktop\doctor-appointmnet\.next\build\chu
nks\node_modules_fe693df6._.js:6206:21][0m
    [2mat async transform (turbopack:///[turbop
ack-node]/transforms/postcss.ts:70:34) [C:\Users
\atayy\Desktop\doctor-appointmnet\.next\build\ch
unks\[root-of-the-server]__51225daf._.js:146:36]
[0m
    [2mat async run (turbopack:///[turbopack-no
de]/ipc/evaluate.ts:92:23) [C:\Users\atayy\Deskt
op\doctor-appointmnet\.next\build\chunks\[root-o
f-the-server]__974941ed._.js:443:31][0m

> Build error occurred
Error: Turbopack build failed with 1 errors:
./app/globals.css
Error evaluating Node.js code
CssSyntaxError: tailwindcss: C:\Users\atayy\Desk
top\doctor-appointmnet\app\globals.css:1:1: 
Cannot apply unknown utility class 
`bg-black-800`
    at Input.error 
(node_modules/postcss/lib/input.js:135:16) [C:\U
sers\atayy\Desktop\doctor-appointmnet\.next\buil
d\chunks\node_modules_fe693df6._.js:4651:22]
    at Root.error 
(node_modules/postcss/lib/node.js:146:32) [C:\Us
ers\atayy\Desktop\doctor-appointmnet\.next\build
\chunks\node_modules_fe693df6._.js:928:38]
    [at Object.Once (C:\Users\atayy\Desktop\doct
or-appointmnet\node_modules\@tailwindcss\postcss
\dist\index.js:10:6913)]
    at async LazyResult.runAsync (node_modules/p
ostcss/lib/lazy-result.js:293:11) [C:\Users\atay
y\Desktop\doctor-appointmnet\.next\build\chunks\
node_modules_fe693df6._.js:6206:21]
    at async transform (turbopack:///[turbopack-
node]/transforms/postcss.ts:70:34) [C:\Users\ata
yy\Desktop\doctor-appointmnet\.next\build\chunks
\[root-of-the-server]__51225daf._.js:146:36]
    at async run (turbopack:///[turbopack-node]/
ipc/evaluate.ts:92:23) [C:\Users\atayy\Desktop\d
octor-appointmnet\.next\build\chunks\[root-of-th
e-server]__974941ed._.js:443:31]

Import trace:
  Client Component Browser:
    ./app/globals.css [Client Component Browser]
    ./app/layout.tsx [Server Component]


    at async transform (turbopack:///[turbopack-
node]/transforms/postcss.ts:70:34) [C:\Users\ata
yy\Desktop\doctor-appointmnet\.next\build\chunks
\[root-of-the-server]__51225daf._.js:146:36])
    at async run (turbopack:///[turbopack-node]/
ipc/evaluate.ts:92:23) [C:\Users\atayy\Desktop\d
octor-appointmnet\.next\build\chunks\[root-of-th
e-server]__974941ed._.js:443:31])
